// Jest Snapshot v1, https://goo.gl/fbAQLP

exports[`FormRenderer renders correctly 1`] = `
<WithStyles(Paper)
  className="FormRenderer-container-1"
>
  <WithStyles(Typography)
    className="FormRenderer-title-2"
  >
    Form Preview
  </WithStyles(Typography)>
  <div>
    <WithStyles(TextInputRenderer)
      field={
        Object {
          "id": 1,
          "placeholder": "day",
          "question": "which day you like best?",
          "type": "textInput",
        }
      }
      key="1"
      onDelete={[Function]}
    />
    <WithStyles(TextInputRenderer)
      field={
        Object {
          "id": 2,
          "question": "which day you like?",
          "selections": "Monday###Tuesday###Friday",
          "type": "checkbox",
        }
      }
      key="2"
      onDelete={[Function]}
    />
  </div>
</WithStyles(Paper)>
`;
